{"level":"error","message":"Sun Jan 05 2025 01:24:42 GMT+0600 (Bangladesh Standard Time)-{\"name\":\"Data Not found\",\"statusCode\":{},\"isOperational\":true}","private":true}
{"level":"error","message":"Sun Jan 05 2025 01:25:09 GMT+0600 (Bangladesh Standard Time)-{\"name\":\"Data Not found\",\"statusCode\":{},\"isOperational\":true}","private":true}
{"level":"error","message":"Sun Jan 05 2025 02:17:09 GMT+0600 (Bangladesh Standard Time)-{\"name\":\"Data Not found\",\"statusCode\":{},\"isOperational\":true}","private":true}
{"level":"error","message":"Sun Jan 05 2025 02:17:36 GMT+0600 (Bangladesh Standard Time)-{\"name\":\"Data Not found\",\"statusCode\":{},\"isOperational\":true}","private":true}
{"level":"error","message":"Sun Jan 05 2025 02:20:59 GMT+0600 (Bangladesh Standard Time)-{\"name\":\"Data Not found\",\"statusCode\":{},\"isOperational\":true}","private":true}
{"level":"error","message":"Sun Jan 05 2025 02:23:31 GMT+0600 (Bangladesh Standard Time)-{\"name\":\"Data Not found\",\"statusCode\":{},\"isOperational\":true}","private":true}
{"level":"error","message":"Sun Jan 05 2025 02:24:47 GMT+0600 (Bangladesh Standard Time)-{\"name\":\"Data Not found\",\"statusCode\":{},\"isOperational\":true}","private":true}
{"level":"error","message":"Sun Jan 05 2025 02:31:03 GMT+0600 (Bangladesh Standard Time)-{\"name\":\"Data Not found\",\"statusCode\":{},\"isOperational\":true}","private":true}
{"level":"error","message":"Sun Jan 05 2025 02:32:48 GMT+0600 (Bangladesh Standard Time)-{\"name\":\"Data Not found\",\"statusCode\":{},\"isOperational\":true}","private":true}
{"level":"error","message":"Sun Jan 05 2025 02:39:55 GMT+0600 (Bangladesh Standard Time)-{\"name\":\"Data Not found\",\"statusCode\":{},\"isOperational\":true}","private":true}
{"level":"error","message":"Sun Jan 05 2025 02:42:35 GMT+0600 (Bangladesh Standard Time)-{\"name\":\"Data Not found\",\"statusCode\":{},\"isOperational\":true}","private":true}
{"level":"error","message":"Sun Jan 05 2025 16:40:01 GMT+0600 (Bangladesh Standard Time)-{\"name\":\"Data Not found\",\"statusCode\":{},\"isOperational\":true}","private":true}
{"level":"error","message":"Sun Jan 05 2025 16:44:38 GMT+0600 (Bangladesh Standard Time)-{\"name\":\"Data Not found\",\"statusCode\":{},\"isOperational\":true}","private":true}
{"level":"error","message":"Sun Jan 05 2025 16:44:38 GMT+0600 (Bangladesh Standard Time)-{\"code\":\"ERR_HTTP_INVALID_STATUS_CODE\"}","private":true}
{"level":"error","message":"Sun Jan 05 2025 16:45:25 GMT+0600 (Bangladesh Standard Time)-{}","private":true}
{"level":"error","message":"Sun Jan 05 2025 16:45:25 GMT+0600 (Bangladesh Standard Time)-{\"code\":\"ERR_HTTP_INVALID_STATUS_CODE\"}","private":true}
{"level":"error","message":"Sun Jan 05 2025 16:45:25 GMT+0600 (Bangladesh Standard Time)-{\"code\":\"ERR_HTTP_INVALID_STATUS_CODE\"}","private":true}
{"level":"error","message":"Sun Jan 05 2025 16:54:52 GMT+0600 (Bangladesh Standard Time)-{\"name\":\"Data Not found\",\"statusCode\":{},\"isOperational\":true}","private":true}
{"level":"error","message":"Sun Jan 05 2025 17:08:52 GMT+0600 (Bangladesh Standard Time)-{\"name\":\"Data Not found\",\"statusCode\":{},\"isOperational\":true}","private":true}
{"level":"error","message":"Sun Jan 05 2025 17:09:19 GMT+0600 (Bangladesh Standard Time)-{\"name\":\"Data Not found\",\"statusCode\":{},\"isOperational\":true}","private":true}
{"level":"error","message":"Sun Jan 05 2025 17:09:43 GMT+0600 (Bangladesh Standard Time)-{\"name\":\"Data Not found\",\"statusCode\":{},\"isOperational\":true}","private":true}
{"level":"error","message":"Sun Jan 05 2025 17:10:51 GMT+0600 (Bangladesh Standard Time)-{\"name\":\"Data Not found\",\"statusCode\":{},\"isOperational\":true}","private":true}
{"level":"error","message":"Sun Jan 05 2025 17:12:13 GMT+0600 (Bangladesh Standard Time)-{\"name\":\"Data Not found\",\"statusCode\":{},\"isOperational\":true}","private":true}
{"level":"error","message":"Sun Jan 05 2025 17:27:53 GMT+0600 (Bangladesh Standard Time)-{\"name\":\"Data Not found\",\"statusCode\":{},\"isOperational\":true}","private":true}
{"level":"error","message":"Sun Jan 05 2025 17:30:19 GMT+0600 (Bangladesh Standard Time)-{\"name\":\"Data Not found\",\"statusCode\":{},\"isOperational\":true}","private":true}
{"level":"error","message":"Sun Jan 05 2025 17:32:06 GMT+0600 (Bangladesh Standard Time)-{\"name\":\"Data Not found\",\"statusCode\":{\"name\":\"Unable to Retrieve User\",\"statusCode\":500,\"isOperational\":true},\"isOperational\":true}","private":true}
{"level":"error","message":"Sun Jan 05 2025 17:34:31 GMT+0600 (Bangladesh Standard Time)-{\"name\":\"Data Not found\",\"statusCode\":{\"name\":\"API Error\",\"statusCode\":500,\"isOperational\":true},\"isOperational\":true}","private":true}
{"level":"error","message":"Sun Jan 05 2025 17:35:29 GMT+0600 (Bangladesh Standard Time)-{\"name\":\"Data Not found\",\"statusCode\":{\"name\":\"API Error\",\"statusCode\":500,\"isOperational\":true},\"isOperational\":true}","private":true}
{"level":"error","message":"Sun Jan 05 2025 17:40:13 GMT+0600 (Bangladesh Standard Time)-{\"name\":\"Data Not found\",\"statusCode\":{\"name\":\"API Error\",\"statusCode\":500,\"isOperational\":true},\"isOperational\":true}","private":true}
{"level":"error","message":"Sun Jan 05 2025 17:49:22 GMT+0600 (Bangladesh Standard Time)-{\"name\":\"Data Not found\",\"statusCode\":{},\"isOperational\":true}","private":true}
{"level":"error","message":"Sun Jan 05 2025 17:50:54 GMT+0600 (Bangladesh Standard Time)-{\"name\":\"Data Not found\",\"statusCode\":{},\"isOperational\":true}","private":true}
{"level":"error","message":"Sun Jan 05 2025 17:53:30 GMT+0600 (Bangladesh Standard Time)-{\"name\":\"Data Not found\",\"statusCode\":{\"name\":\"API Error\",\"statusCode\":500,\"isOperational\":true},\"isOperational\":true}","private":true}
{"level":"error","message":"Sun Jan 05 2025 18:02:26 GMT+0600 (Bangladesh Standard Time)-{\"name\":\"Data Not found\",\"statusCode\":{\"name\":\"API Error\",\"statusCode\":404,\"isOperational\":true},\"isOperational\":true}","private":true}
{"level":"error","message":"Sun Jan 05 2025 18:04:12 GMT+0600 (Bangladesh Standard Time)-{\"name\":\"Data Not found\",\"statusCode\":{\"name\":\"API Error\",\"statusCode\":404,\"isOperational\":true},\"isOperational\":true}","private":true}
{"level":"error","message":"Sun Jan 05 2025 18:11:31 GMT+0600 (Bangladesh Standard Time)-{\"name\":\"Data Not found\",\"statusCode\":{},\"isOperational\":true}","private":true}
{"level":"error","message":"Sun Jan 05 2025 18:15:38 GMT+0600 (Bangladesh Standard Time)-{\"name\":\"Data Not found\",\"statusCode\":{},\"isOperational\":true}","private":true}
{"level":"error","message":"Sun Jan 05 2025 18:24:09 GMT+0600 (Bangladesh Standard Time)-{\"name\":\"Data Not found\",\"statusCode\":500,\"isOperational\":true}","private":true}
{"level":"error","message":"Sun Jan 05 2025 19:17:59 GMT+0600 (Bangladesh Standard Time)-{\"name\":\"Data Not found\",\"statusCode\":404,\"isOperational\":true}","private":true}
{"level":"error","message":"Sun Jan 05 2025 19:19:24 GMT+0600 (Bangladesh Standard Time)-{}","private":true}
